Archive member included to satisfy reference by file (symbol)

c:/program files (x86)/gnu tools arm embedded/5.2 2015q4/bin/../lib/gcc/arm-none-eabi/5.2.1/armv7e-m\libgcc.a(_arm_addsubdf3.o)
                              ..\obj\main.o (__aeabi_i2d)
c:/program files (x86)/gnu tools arm embedded/5.2 2015q4/bin/../lib/gcc/arm-none-eabi/5.2.1/armv7e-m\libgcc.a(_arm_muldivdf3.o)
                              ..\obj\main.o (__aeabi_dmul)
c:/program files (x86)/gnu tools arm embedded/5.2 2015q4/bin/../lib/gcc/arm-none-eabi/5.2.1/armv7e-m\libgcc.a(_arm_truncdfsf2.o)
                              ..\obj\main.o (__aeabi_d2f)
c:/program files (x86)/gnu tools arm embedded/5.2 2015q4/bin/../lib/gcc/arm-none-eabi/5.2.1/armv7e-m\libgcc.a(_arm_cmpsf2.o)
                              ..\obj\main.o (__aeabi_fcmplt)

Allocating common symbols
Common symbol       size              file

acc_y               0x1               ..\obj\main.o
acc_x               0x1               ..\obj\main.o
acc_z               0x1               ..\obj\main.o

Discarded input sections

 .text          0x00000000        0x0 ..\obj\startup_stm32f4xx.o
 .data          0x00000000        0x0 ..\obj\startup_stm32f4xx.o
 .bss           0x00000000        0x0 ..\obj\startup_stm32f4xx.o
 .text          0x00000000        0x0 ..\obj\main.o
 .data          0x00000000        0x0 ..\obj\main.o
 .text          0x00000000        0x0 ..\obj\stm32f4xx_rcc.o
 .data          0x00000000       0x10 ..\obj\stm32f4xx_rcc.o
 .bss           0x00000000        0x0 ..\obj\stm32f4xx_rcc.o
 .text.RCC_DeInit
                0x00000000       0x50 ..\obj\stm32f4xx_rcc.o
 .text.RCC_HSEConfig
                0x00000000       0x24 ..\obj\stm32f4xx_rcc.o
 .text.RCC_WaitForHSEStartUp
                0x00000000       0x50 ..\obj\stm32f4xx_rcc.o
 .text.RCC_AdjustHSICalibrationValue
                0x00000000       0x3c ..\obj\stm32f4xx_rcc.o
 .text.RCC_HSICmd
                0x00000000       0x20 ..\obj\stm32f4xx_rcc.o
 .text.RCC_LSEConfig
                0x00000000       0x40 ..\obj\stm32f4xx_rcc.o
 .text.RCC_LSICmd
                0x00000000       0x20 ..\obj\stm32f4xx_rcc.o
 .text.RCC_PLLConfig
                0x00000000       0x3c ..\obj\stm32f4xx_rcc.o
 .text.RCC_PLLCmd
                0x00000000       0x20 ..\obj\stm32f4xx_rcc.o
 .text.RCC_PLLI2SConfig
                0x00000000       0x28 ..\obj\stm32f4xx_rcc.o
 .text.RCC_PLLI2SCmd
                0x00000000       0x20 ..\obj\stm32f4xx_rcc.o
 .text.RCC_ClockSecuritySystemCmd
                0x00000000       0x20 ..\obj\stm32f4xx_rcc.o
 .text.RCC_MCO1Config
                0x00000000       0x3c ..\obj\stm32f4xx_rcc.o
 .text.RCC_MCO2Config
                0x00000000       0x3c ..\obj\stm32f4xx_rcc.o
 .text.RCC_SYSCLKConfig
                0x00000000       0x38 ..\obj\stm32f4xx_rcc.o
 .text.RCC_GetSYSCLKSource
                0x00000000       0x1c ..\obj\stm32f4xx_rcc.o
 .text.RCC_HCLKConfig
                0x00000000       0x38 ..\obj\stm32f4xx_rcc.o
 .text.RCC_PCLK1Config
                0x00000000       0x38 ..\obj\stm32f4xx_rcc.o
 .text.RCC_PCLK2Config
                0x00000000       0x38 ..\obj\stm32f4xx_rcc.o
 .text.RCC_GetClocksFreq
                0x00000000      0x154 ..\obj\stm32f4xx_rcc.o
 .text.RCC_RTCCLKConfig
                0x00000000       0x5c ..\obj\stm32f4xx_rcc.o
 .text.RCC_RTCCLKCmd
                0x00000000       0x20 ..\obj\stm32f4xx_rcc.o
 .text.RCC_BackupResetCmd
                0x00000000       0x20 ..\obj\stm32f4xx_rcc.o
 .text.RCC_I2SCLKConfig
                0x00000000       0x1c ..\obj\stm32f4xx_rcc.o
 .text.RCC_AHB2PeriphClockCmd
                0x00000000       0x3c ..\obj\stm32f4xx_rcc.o
 .text.RCC_AHB3PeriphClockCmd
                0x00000000       0x3c ..\obj\stm32f4xx_rcc.o
 .text.RCC_APB1PeriphClockCmd
                0x00000000       0x3c ..\obj\stm32f4xx_rcc.o
 .text.RCC_AHB1PeriphResetCmd
                0x00000000       0x3c ..\obj\stm32f4xx_rcc.o
 .text.RCC_AHB2PeriphResetCmd
                0x00000000       0x3c ..\obj\stm32f4xx_rcc.o
 .text.RCC_AHB3PeriphResetCmd
                0x00000000       0x3c ..\obj\stm32f4xx_rcc.o
 .text.RCC_AHB1PeriphClockLPModeCmd
                0x00000000       0x3c ..\obj\stm32f4xx_rcc.o
 .text.RCC_AHB2PeriphClockLPModeCmd
                0x00000000       0x3c ..\obj\stm32f4xx_rcc.o
 .text.RCC_AHB3PeriphClockLPModeCmd
                0x00000000       0x3c ..\obj\stm32f4xx_rcc.o
 .text.RCC_APB1PeriphClockLPModeCmd
                0x00000000       0x3c ..\obj\stm32f4xx_rcc.o
 .text.RCC_APB2PeriphClockLPModeCmd
                0x00000000       0x3c ..\obj\stm32f4xx_rcc.o
 .text.RCC_ITConfig
                0x00000000       0x4c ..\obj\stm32f4xx_rcc.o
 .text.RCC_GetFlagStatus
                0x00000000       0x74 ..\obj\stm32f4xx_rcc.o
 .text.RCC_ClearFlag
                0x00000000       0x1c ..\obj\stm32f4xx_rcc.o
 .text.RCC_GetITStatus
                0x00000000       0x34 ..\obj\stm32f4xx_rcc.o
 .text.RCC_ClearITPendingBit
                0x00000000       0x20 ..\obj\stm32f4xx_rcc.o
 .text          0x00000000        0x0 ..\obj\stm32f4xx_gpio.o
 .data          0x00000000        0x0 ..\obj\stm32f4xx_gpio.o
 .bss           0x00000000        0x0 ..\obj\stm32f4xx_gpio.o
 .text.GPIO_DeInit
                0x00000000      0x120 ..\obj\stm32f4xx_gpio.o
 .text.GPIO_StructInit
                0x00000000       0x34 ..\obj\stm32f4xx_gpio.o
 .text.GPIO_PinLockConfig
                0x00000000       0x44 ..\obj\stm32f4xx_gpio.o
 .text.GPIO_ReadInputData
                0x00000000       0x18 ..\obj\stm32f4xx_gpio.o
 .text.GPIO_ReadOutputDataBit
                0x00000000       0x34 ..\obj\stm32f4xx_gpio.o
 .text.GPIO_ReadOutputData
                0x00000000       0x18 ..\obj\stm32f4xx_gpio.o
 .text.GPIO_WriteBit
                0x00000000       0x30 ..\obj\stm32f4xx_gpio.o
 .text.GPIO_Write
                0x00000000       0x1c ..\obj\stm32f4xx_gpio.o
 .text.GPIO_ToggleBits
                0x00000000       0x24 ..\obj\stm32f4xx_gpio.o
 .text          0x00000000        0x0 ..\obj\system_stm32f4xx.o
 .data          0x00000000       0x14 ..\obj\system_stm32f4xx.o
 .bss           0x00000000        0x0 ..\obj\system_stm32f4xx.o
 .text.SystemCoreClockUpdate
                0x00000000       0xf8 ..\obj\system_stm32f4xx.o
 .text          0x00000000        0x0 ..\obj\stm32f4xx_spi.o
 .data          0x00000000        0x0 ..\obj\stm32f4xx_spi.o
 .bss           0x00000000        0x0 ..\obj\stm32f4xx_spi.o
 .text.I2S_Init
                0x00000000      0x1b4 ..\obj\stm32f4xx_spi.o
 .text.SPI_StructInit
                0x00000000       0x48 ..\obj\stm32f4xx_spi.o
 .text.I2S_StructInit
                0x00000000       0x38 ..\obj\stm32f4xx_spi.o
 .text.I2S_Cmd  0x00000000       0x40 ..\obj\stm32f4xx_spi.o
 .text.SPI_DataSizeConfig
                0x00000000       0x38 ..\obj\stm32f4xx_spi.o
 .text.SPI_BiDirectionalLineConfig
                0x00000000       0x40 ..\obj\stm32f4xx_spi.o
 .text.SPI_NSSInternalSoftwareConfig
                0x00000000       0x44 ..\obj\stm32f4xx_spi.o
 .text.SPI_SSOutputCmd
                0x00000000       0x40 ..\obj\stm32f4xx_spi.o
 .text.SPI_TIModeCmd
                0x00000000       0x40 ..\obj\stm32f4xx_spi.o
 .text.I2S_FullDuplexConfig
                0x00000000       0x9c ..\obj\stm32f4xx_spi.o
 .text.SPI_CalculateCRC
                0x00000000       0x40 ..\obj\stm32f4xx_spi.o
 .text.SPI_TransmitCRC
                0x00000000       0x24 ..\obj\stm32f4xx_spi.o
 .text.SPI_GetCRC
                0x00000000       0x30 ..\obj\stm32f4xx_spi.o
 .text.SPI_GetCRCPolynomial
                0x00000000       0x18 ..\obj\stm32f4xx_spi.o
 .text.SPI_I2S_DMACmd
                0x00000000       0x48 ..\obj\stm32f4xx_spi.o
 .text.SPI_I2S_ITConfig
                0x00000000       0x60 ..\obj\stm32f4xx_spi.o
 .text.SPI_I2S_ClearFlag
                0x00000000       0x20 ..\obj\stm32f4xx_spi.o
 .text.SPI_I2S_GetITStatus
                0x00000000       0x74 ..\obj\stm32f4xx_spi.o
 .text.SPI_I2S_ClearITPendingBit
                0x00000000       0x34 ..\obj\stm32f4xx_spi.o
 .text          0x00000000        0x0 ..\obj\stm32f4_discovery_lis302dl.o
 .bss           0x00000000        0x0 ..\obj\stm32f4_discovery_lis302dl.o
 .text.LIS302DL_FilterConfig
                0x00000000       0x58 ..\obj\stm32f4_discovery_lis302dl.o
 .text.LIS302DL_InterruptConfig
                0x00000000       0x48 ..\obj\stm32f4_discovery_lis302dl.o
 .text.LIS302DL_LowpowerCmd
                0x00000000       0x44 ..\obj\stm32f4_discovery_lis302dl.o
 .text.LIS302DL_DataRateCmd
                0x00000000       0x44 ..\obj\stm32f4_discovery_lis302dl.o
 .text.LIS302DL_FullScaleCmd
                0x00000000       0x44 ..\obj\stm32f4_discovery_lis302dl.o
 .text.LIS302DL_RebootCmd
                0x00000000       0x30 ..\obj\stm32f4_discovery_lis302dl.o
 .text.LIS302DL_ReadACC
                0x00000000       0xb4 ..\obj\stm32f4_discovery_lis302dl.o
 .data          0x00000000        0x0 c:/program files (x86)/gnu tools arm embedded/5.2 2015q4/bin/../lib/gcc/arm-none-eabi/5.2.1/armv7e-m\libgcc.a(_arm_addsubdf3.o)
 .bss           0x00000000        0x0 c:/program files (x86)/gnu tools arm embedded/5.2 2015q4/bin/../lib/gcc/arm-none-eabi/5.2.1/armv7e-m\libgcc.a(_arm_addsubdf3.o)
 .data          0x00000000        0x0 c:/program files (x86)/gnu tools arm embedded/5.2 2015q4/bin/../lib/gcc/arm-none-eabi/5.2.1/armv7e-m\libgcc.a(_arm_muldivdf3.o)
 .bss           0x00000000        0x0 c:/program files (x86)/gnu tools arm embedded/5.2 2015q4/bin/../lib/gcc/arm-none-eabi/5.2.1/armv7e-m\libgcc.a(_arm_muldivdf3.o)
 .data          0x00000000        0x0 c:/program files (x86)/gnu tools arm embedded/5.2 2015q4/bin/../lib/gcc/arm-none-eabi/5.2.1/armv7e-m\libgcc.a(_arm_truncdfsf2.o)
 .bss           0x00000000        0x0 c:/program files (x86)/gnu tools arm embedded/5.2 2015q4/bin/../lib/gcc/arm-none-eabi/5.2.1/armv7e-m\libgcc.a(_arm_truncdfsf2.o)
 .data          0x00000000        0x0 c:/program files (x86)/gnu tools arm embedded/5.2 2015q4/bin/../lib/gcc/arm-none-eabi/5.2.1/armv7e-m\libgcc.a(_arm_cmpsf2.o)
 .bss           0x00000000        0x0 c:/program files (x86)/gnu tools arm embedded/5.2 2015q4/bin/../lib/gcc/arm-none-eabi/5.2.1/armv7e-m\libgcc.a(_arm_cmpsf2.o)

Memory Configuration

Name             Origin             Length             Attributes
rom              0x08000000         0x00100000         xr
ram              0x20000000         0x00020000         xrw
ram1             0x10000000         0x00010000         xrw
*default*        0x00000000         0xffffffff

Linker script and memory map

                0x20020000                _eram = 0x20020000

.text           0x08000000     0x1664
 *(.isr_vector)
 .isr_vector    0x08000000      0x188 ..\obj\startup_stm32f4xx.o
                0x08000000                g_pfnVectors
 *(.text*)
 .text.Default_Reset_Handler
                0x08000188       0x5c ..\obj\startup_stm32f4xx.o
                0x08000188                Default_Reset_Handler
                0x08000188                Reset_Handler
 .text.Default_Handler
                0x080001e4        0x8 ..\obj\startup_stm32f4xx.o
                0x080001e4                RTC_Alarm_IRQHandler
                0x080001e4                HASH_RNG_IRQHandler
                0x080001e4                EXTI2_IRQHandler
                0x080001e4                TIM8_CC_IRQHandler
                0x080001e4                DebugMon_Handler
                0x080001e4                TIM1_CC_IRQHandler
                0x080001e4                DMA2_Stream5_IRQHandler
                0x080001e4                HardFault_Handler
                0x080001e4                DMA1_Stream5_IRQHandler
                0x080001e4                SysTick_Handler
                0x080001e4                PVD_IRQHandler
                0x080001e4                SDIO_IRQHandler
                0x080001e4                TAMP_STAMP_IRQHandler
                0x080001e4                PendSV_Handler
                0x080001e4                NMI_Handler
                0x080001e4                CAN2_RX1_IRQHandler
                0x080001e4                EXTI3_IRQHandler
                0x080001e4                TIM8_TRG_COM_TIM14_IRQHandler
                0x080001e4                TIM1_UP_TIM10_IRQHandler
                0x080001e4                TIM8_UP_TIM13_IRQHandler
                0x080001e4                I2C3_ER_IRQHandler
                0x080001e4                EXTI0_IRQHandler
                0x080001e4                I2C2_EV_IRQHandler
                0x080001e4                DMA1_Stream2_IRQHandler
                0x080001e4                CAN1_RX0_IRQHandler
                0x080001e4                FPU_IRQHandler
                0x080001e4                OTG_HS_WKUP_IRQHandler
                0x080001e4                UsageFault_Handler
                0x080001e4                CAN2_SCE_IRQHandler
                0x080001e4                DMA2_Stream2_IRQHandler
                0x080001e4                SPI1_IRQHandler
                0x080001e4                TIM6_DAC_IRQHandler
                0x080001e4                TIM1_BRK_TIM9_IRQHandler
                0x080001e4                DCMI_IRQHandler
                0x080001e4                CAN2_RX0_IRQHandler
                0x080001e4                DMA2_Stream3_IRQHandler
                0x080001e4                USART6_IRQHandler
                0x080001e4                USART3_IRQHandler
                0x080001e4                CRYP_IRQHandler
                0x080001e4                CAN1_RX1_IRQHandler
                0x080001e4                UART5_IRQHandler
                0x080001e4                DMA2_Stream0_IRQHandler
                0x080001e4                TIM4_IRQHandler
                0x080001e4                I2C1_EV_IRQHandler
                0x080001e4                DMA1_Stream6_IRQHandler
                0x080001e4                DMA1_Stream1_IRQHandler
                0x080001e4                UART4_IRQHandler
                0x080001e4                TIM3_IRQHandler
                0x080001e4                RCC_IRQHandler
                0x080001e4                TIM8_BRK_TIM12_IRQHandler
                0x080001e4                EXTI15_10_IRQHandler
                0x080001e4                ADC_IRQHandler
                0x080001e4                DMA1_Stream7_IRQHandler
                0x080001e4                TIM7_IRQHandler
                0x080001e4                CAN2_TX_IRQHandler
                0x080001e4                TIM5_IRQHandler
                0x080001e4                DMA2_Stream7_IRQHandler
                0x080001e4                I2C3_EV_IRQHandler
                0x080001e4                EXTI9_5_IRQHandler
                0x080001e4                RTC_WKUP_IRQHandler
                0x080001e4                ETH_WKUP_IRQHandler
                0x080001e4                SPI2_IRQHandler
                0x080001e4                OTG_HS_EP1_IN_IRQHandler
                0x080001e4                MemManage_Handler
                0x080001e4                DMA1_Stream0_IRQHandler
                0x080001e4                CAN1_TX_IRQHandler
                0x080001e4                SVC_Handler
                0x080001e4                EXTI4_IRQHandler
                0x080001e4                FSMC_IRQHandler
                0x080001e4                ETH_IRQHandler
                0x080001e4                OTG_HS_EP1_OUT_IRQHandler
                0x080001e4                WWDG_IRQHandler
                0x080001e4                TIM2_IRQHandler
                0x080001e4                OTG_FS_WKUP_IRQHandler
                0x080001e4                TIM1_TRG_COM_TIM11_IRQHandler
                0x080001e4                OTG_HS_IRQHandler
                0x080001e4                EXTI1_IRQHandler
                0x080001e4                USART2_IRQHandler
                0x080001e4                I2C2_ER_IRQHandler
                0x080001e4                DMA2_Stream1_IRQHandler
                0x080001e4                CAN1_SCE_IRQHandler
                0x080001e4                FLASH_IRQHandler
                0x080001e4                DMA2_Stream4_IRQHandler
                0x080001e4                BusFault_Handler
                0x080001e4                USART1_IRQHandler
                0x080001e4                OTG_FS_IRQHandler
                0x080001e4                SPI3_IRQHandler
                0x080001e4                DMA1_Stream4_IRQHandler
                0x080001e4                I2C1_ER_IRQHandler
                0x080001e4                DMA2_Stream6_IRQHandler
                0x080001e4                DMA1_Stream3_IRQHandler
 *fill*         0x080001ec        0x4 
 .text.main     0x080001f0      0x268 ..\obj\main.o
                0x080001f0                main
 .text.RCC_AHB1PeriphClockCmd
                0x08000458       0x3c ..\obj\stm32f4xx_rcc.o
                0x08000458                RCC_AHB1PeriphClockCmd
 .text.RCC_APB2PeriphClockCmd
                0x08000494       0x3c ..\obj\stm32f4xx_rcc.o
                0x08000494                RCC_APB2PeriphClockCmd
 .text.RCC_APB1PeriphResetCmd
                0x080004d0       0x3c ..\obj\stm32f4xx_rcc.o
                0x080004d0                RCC_APB1PeriphResetCmd
 .text.RCC_APB2PeriphResetCmd
                0x0800050c       0x3c ..\obj\stm32f4xx_rcc.o
                0x0800050c                RCC_APB2PeriphResetCmd
 .text.GPIO_Init
                0x08000548      0x11c ..\obj\stm32f4xx_gpio.o
                0x08000548                GPIO_Init
 .text.GPIO_ReadInputDataBit
                0x08000664       0x34 ..\obj\stm32f4xx_gpio.o
                0x08000664                GPIO_ReadInputDataBit
 .text.GPIO_SetBits
                0x08000698       0x1c ..\obj\stm32f4xx_gpio.o
                0x08000698                GPIO_SetBits
 .text.GPIO_ResetBits
                0x080006b4       0x1c ..\obj\stm32f4xx_gpio.o
                0x080006b4                GPIO_ResetBits
 .text.GPIO_PinAFConfig
                0x080006d0       0x90 ..\obj\stm32f4xx_gpio.o
                0x080006d0                GPIO_PinAFConfig
 .text.SystemInit
                0x08000760       0x5c ..\obj\system_stm32f4xx.o
                0x08000760                SystemInit
 .text.SetSysClock
                0x080007bc       0xf4 ..\obj\system_stm32f4xx.o
 .text.SPI_I2S_DeInit
                0x080008b0       0x74 ..\obj\stm32f4xx_spi.o
                0x080008b0                SPI_I2S_DeInit
 .text.SPI_Init
                0x08000924       0x88 ..\obj\stm32f4xx_spi.o
                0x08000924                SPI_Init
 .text.SPI_Cmd  0x080009ac       0x40 ..\obj\stm32f4xx_spi.o
                0x080009ac                SPI_Cmd
 .text.SPI_I2S_ReceiveData
                0x080009ec       0x18 ..\obj\stm32f4xx_spi.o
                0x080009ec                SPI_I2S_ReceiveData
 .text.SPI_I2S_SendData
                0x08000a04       0x1c ..\obj\stm32f4xx_spi.o
                0x08000a04                SPI_I2S_SendData
 .text.SPI_I2S_GetFlagStatus
                0x08000a20       0x38 ..\obj\stm32f4xx_spi.o
                0x08000a20                SPI_I2S_GetFlagStatus
 .text.LIS302DL_Init
                0x08000a58       0x4c ..\obj\stm32f4_discovery_lis302dl.o
                0x08000a58                LIS302DL_Init
 .text.LIS302DL_Write
                0x08000aa4       0x60 ..\obj\stm32f4_discovery_lis302dl.o
                0x08000aa4                LIS302DL_Write
 .text.LIS302DL_Read
                0x08000b04       0x70 ..\obj\stm32f4_discovery_lis302dl.o
                0x08000b04                LIS302DL_Read
 .text.LIS302DL_LowLevel_Init
                0x08000b74      0x138 ..\obj\stm32f4_discovery_lis302dl.o
 .text.LIS302DL_SendByte
                0x08000cac       0x90 ..\obj\stm32f4_discovery_lis302dl.o
 .text.LIS302DL_TIMEOUT_UserCallback
                0x08000d3c        0x8 ..\obj\stm32f4_discovery_lis302dl.o
                0x08000d3c                LIS302DL_TIMEOUT_UserCallback
 .text          0x08000d44      0x370 c:/program files (x86)/gnu tools arm embedded/5.2 2015q4/bin/../lib/gcc/arm-none-eabi/5.2.1/armv7e-m\libgcc.a(_arm_addsubdf3.o)
                0x08000d44                __aeabi_drsub
                0x08000d4c                __aeabi_dsub
                0x08000d4c                __subdf3
                0x08000d50                __aeabi_dadd
                0x08000d50                __adddf3
                0x08000fc8                __floatunsidf
                0x08000fc8                __aeabi_ui2d
                0x08000fe8                __floatsidf
                0x08000fe8                __aeabi_i2d
                0x0800100c                __aeabi_f2d
                0x0800100c                __extendsfdf2
                0x08001048                __floatundidf
                0x08001048                __aeabi_ul2d
                0x08001058                __floatdidf
                0x08001058                __aeabi_l2d
 .text          0x080010b4      0x424 c:/program files (x86)/gnu tools arm embedded/5.2 2015q4/bin/../lib/gcc/arm-none-eabi/5.2.1/armv7e-m\libgcc.a(_arm_muldivdf3.o)
                0x080010b4                __aeabi_dmul
                0x080010b4                __muldf3
                0x08001308                __divdf3
                0x08001308                __aeabi_ddiv
 .text          0x080014d8       0xa0 c:/program files (x86)/gnu tools arm embedded/5.2 2015q4/bin/../lib/gcc/arm-none-eabi/5.2.1/armv7e-m\libgcc.a(_arm_truncdfsf2.o)
                0x080014d8                __truncdfsf2
                0x080014d8                __aeabi_d2f
 .text          0x08001578       0xec c:/program files (x86)/gnu tools arm embedded/5.2 2015q4/bin/../lib/gcc/arm-none-eabi/5.2.1/armv7e-m\libgcc.a(_arm_cmpsf2.o)
                0x08001578                __gesf2
                0x08001578                __gtsf2
                0x08001580                __lesf2
                0x08001580                __ltsf2
                0x08001588                __nesf2
                0x08001588                __eqsf2
                0x08001588                __cmpsf2
                0x080015e8                __aeabi_cfrcmple
                0x080015f0                __aeabi_cfcmpeq
                0x080015f0                __aeabi_cfcmple
                0x08001600                __aeabi_fcmpeq
                0x08001614                __aeabi_fcmplt
                0x08001628                __aeabi_fcmple
                0x0800163c                __aeabi_fcmpge
                0x08001650                __aeabi_fcmpgt
 *(.init)
 *(.fini)
 *crtbegin.o(.ctors)
 *crtbegin?.o(.ctors)
 *(EXCLUDE_FILE(*crtend.o *crtend?.o) .ctors)
 *(SORT(.ctors.*))
 *(.ctors)
 *crtbegin.o(.dtors)
 *crtbegin?.o(.dtors)
 *(EXCLUDE_FILE(*crtend.o *crtend?.o) .dtors)
 *(SORT(.dtors.*))
 *(.dtors)
 *(.rodata*)
 *(.eh_fram e*)

.glue_7         0x08001664        0x0
 .glue_7        0x08001664        0x0 linker stubs

.glue_7t        0x08001664        0x0
 .glue_7t       0x08001664        0x0 linker stubs

.vfp11_veneer   0x08001664        0x0
 .vfp11_veneer  0x08001664        0x0 linker stubs

.v4_bx          0x08001664        0x0
 .v4_bx         0x08001664        0x0 linker stubs

.iplt           0x08001664        0x0
 .iplt          0x08001664        0x0 ..\obj\startup_stm32f4xx.o

.rel.dyn        0x08001664        0x0
 .rel.iplt      0x08001664        0x0 ..\obj\startup_stm32f4xx.o

.ARM.extab
 *(.ARM.extab* .gnu.linkonce.armextab.*)
                0x08001664                __exidx_start = .

.ARM.exidx
 *(.ARM.exidx* .gnu.linkonce.armexidx.*)
                0x08001664                __exidx_end = .
                0x08001664                __etext = .
                0x08001664                _sidata = __etext

.data           0x20000000        0x4 load address 0x08001664
                0x20000000                __data_start__ = .
                0x20000000                _sdata = __data_start__
 *(vtable)
 *(.data*)
 .data          0x20000000        0x4 ..\obj\stm32f4_discovery_lis302dl.o
                0x20000000                LIS302DLTimeout
                0x20000004                . = ALIGN (0x4)
                [!provide]                PROVIDE (__preinit_array_start, .)
 *(.preinit_array)
                [!provide]                PROVIDE (__preinit_array_end, .)
                0x20000004                . = ALIGN (0x4)
                [!provide]                PROVIDE (__init_array_start, .)
 *(SORT(.init_array.*))
 *(.init_array)
                [!provide]                PROVIDE (__init_array_end, .)
                0x20000004                . = ALIGN (0x4)
                [!provide]                PROVIDE (__fini_array_start, .)
 *(SORT(.fini_array.*))
 *(.fini_array)
                [!provide]                PROVIDE (__fini_array_end, .)
 *(.jcr*)
                0x20000004                . = ALIGN (0x4)
                0x20000004                __data_end__ = .
                0x20000004                _edata = __data_end__

.igot.plt       0x20000004        0x0 load address 0x08001668
 .igot.plt      0x20000004        0x0 ..\obj\startup_stm32f4xx.o

.bss            0x20000004        0x8 load address 0x08001668
                0x20000004                . = ALIGN (0x4)
                0x20000004                __bss_start__ = .
                0x20000004                _sbss = __bss_start__
 *(.bss*)
 .bss           0x20000004        0x4 ..\obj\main.o
                0x20000004                a
 *(COMMON)
 COMMON         0x20000008        0x3 ..\obj\main.o
                0x20000008                acc_y
                0x20000009                acc_x
                0x2000000a                acc_z
                0x2000000c                . = ALIGN (0x4)
 *fill*         0x2000000b        0x1 
                0x2000000c                __bss_end__ = .
                0x2000000c                _ebss = __bss_end__

.heap           0x2000000c        0x0
                0x2000000c                __end__ = .
                0x2000000c                _end = __end__
                0x2000000c                end = __end__
 *(.heap*)
                0x2000000c                __HeapLimit = .

.co_stack       0x2000000c      0x804 load address 0x08001670
                0x20000010                . = ALIGN (0x8)
 *fill*         0x2000000c        0x4 
 *(.co_stack .co_stack.*)
 .co_stack      0x20000010      0x800 ..\obj\startup_stm32f4xx.o
                0x20000010                pulStack
                0x20020000                __StackTop = (ORIGIN (ram) + LENGTH (ram))
                0x2001f7fc                __StackLimit = (__StackTop - SIZEOF (.co_stack))
                [!provide]                PROVIDE (__stack, __StackTop)
                0x00000001                ASSERT ((__StackLimit >= __HeapLimit), region ram  overflowed with stack)
LOAD ..\obj\startup_stm32f4xx.o
LOAD ..\obj\main.o
LOAD ..\obj\stm32f4xx_rcc.o
LOAD ..\obj\stm32f4xx_gpio.o
LOAD ..\obj\system_stm32f4xx.o
LOAD ..\obj\stm32f4xx_spi.o
LOAD ..\obj\stm32f4_discovery_lis302dl.o
START GROUP
LOAD c:/program files (x86)/gnu tools arm embedded/5.2 2015q4/bin/../lib/gcc/arm-none-eabi/5.2.1/armv7e-m\libgcc.a
LOAD c:/program files (x86)/gnu tools arm embedded/5.2 2015q4/bin/../lib/gcc/arm-none-eabi/5.2.1/../../../../arm-none-eabi/lib/armv7e-m\libg.a
LOAD c:/program files (x86)/gnu tools arm embedded/5.2 2015q4/bin/../lib/gcc/arm-none-eabi/5.2.1/../../../../arm-none-eabi/lib/armv7e-m\libc.a
END GROUP
OUTPUT(Pierwszy.elf elf32-littlearm)

.debug_info     0x00000000     0x2ffc
 .debug_info    0x00000000       0xed ..\obj\startup_stm32f4xx.o
 .debug_info    0x000000ed      0x405 ..\obj\main.o
 .debug_info    0x000004f2      0xc59 ..\obj\stm32f4xx_rcc.o
 .debug_info    0x0000114b      0x61a ..\obj\stm32f4xx_gpio.o
 .debug_info    0x00001765      0x596 ..\obj\system_stm32f4xx.o
 .debug_info    0x00001cfb      0xb0f ..\obj\stm32f4xx_spi.o
 .debug_info    0x0000280a      0x7f2 ..\obj\stm32f4_discovery_lis302dl.o

.debug_abbrev   0x00000000      0xa0b
 .debug_abbrev  0x00000000       0xb0 ..\obj\startup_stm32f4xx.o
 .debug_abbrev  0x000000b0      0x157 ..\obj\main.o
 .debug_abbrev  0x00000207      0x1e5 ..\obj\stm32f4xx_rcc.o
 .debug_abbrev  0x000003ec      0x1a7 ..\obj\stm32f4xx_gpio.o
 .debug_abbrev  0x00000593      0x138 ..\obj\system_stm32f4xx.o
 .debug_abbrev  0x000006cb      0x169 ..\obj\stm32f4xx_spi.o
 .debug_abbrev  0x00000834      0x1d7 ..\obj\stm32f4_discovery_lis302dl.o

.debug_aranges  0x00000000      0x3d8
 .debug_aranges
                0x00000000       0x28 ..\obj\startup_stm32f4xx.o
 .debug_aranges
                0x00000028       0x20 ..\obj\main.o
 .debug_aranges
                0x00000048      0x178 ..\obj\stm32f4xx_rcc.o
 .debug_aranges
                0x000001c0       0x88 ..\obj\stm32f4xx_gpio.o
 .debug_aranges
                0x00000248       0x30 ..\obj\system_stm32f4xx.o
 .debug_aranges
                0x00000278       0xe0 ..\obj\stm32f4xx_spi.o
 .debug_aranges
                0x00000358       0x80 ..\obj\stm32f4_discovery_lis302dl.o

.debug_ranges   0x00000000      0x368
 .debug_ranges  0x00000000       0x18 ..\obj\startup_stm32f4xx.o
 .debug_ranges  0x00000018       0x10 ..\obj\main.o
 .debug_ranges  0x00000028      0x168 ..\obj\stm32f4xx_rcc.o
 .debug_ranges  0x00000190       0x78 ..\obj\stm32f4xx_gpio.o
 .debug_ranges  0x00000208       0x20 ..\obj\system_stm32f4xx.o
 .debug_ranges  0x00000228       0xd0 ..\obj\stm32f4xx_spi.o
 .debug_ranges  0x000002f8       0x70 ..\obj\stm32f4_discovery_lis302dl.o

.debug_line     0x00000000     0x17a2
 .debug_line    0x00000000       0xac ..\obj\startup_stm32f4xx.o
 .debug_line    0x000000ac      0x29e ..\obj\main.o
 .debug_line    0x0000034a      0x5f1 ..\obj\stm32f4xx_rcc.o
 .debug_line    0x0000093b      0x3ac ..\obj\stm32f4xx_gpio.o
 .debug_line    0x00000ce7      0x218 ..\obj\system_stm32f4xx.o
 .debug_line    0x00000eff      0x4a5 ..\obj\stm32f4xx_spi.o
 .debug_line    0x000013a4      0x3fe ..\obj\stm32f4_discovery_lis302dl.o

.debug_str      0x00000000     0x1477
 .debug_str     0x00000000      0x140 ..\obj\startup_stm32f4xx.o
                                0x152 (size before relaxing)
 .debug_str     0x00000140      0x302 ..\obj\main.o
                                0x3e4 (size before relaxing)
 .debug_str     0x00000442      0x6b0 ..\obj\stm32f4xx_rcc.o
                                0x85b (size before relaxing)
 .debug_str     0x00000af2      0x1ae ..\obj\stm32f4xx_gpio.o
                                0x4ae (size before relaxing)
 .debug_str     0x00000ca0      0x123 ..\obj\system_stm32f4xx.o
                                0x3b5 (size before relaxing)
 .debug_str     0x00000dc3      0x3d2 ..\obj\stm32f4xx_spi.o
                                0x695 (size before relaxing)
 .debug_str     0x00001195      0x2e2 ..\obj\stm32f4_discovery_lis302dl.o
                                0x778 (size before relaxing)

.comment        0x00000000       0x6e
 .comment       0x00000000       0x6e ..\obj\startup_stm32f4xx.o
                                 0x6f (size before relaxing)
 .comment       0x0000006e       0x6f ..\obj\main.o
 .comment       0x0000006e       0x6f ..\obj\stm32f4xx_rcc.o
 .comment       0x0000006e       0x6f ..\obj\stm32f4xx_gpio.o
 .comment       0x0000006e       0x6f ..\obj\system_stm32f4xx.o
 .comment       0x0000006e       0x6f ..\obj\stm32f4xx_spi.o
 .comment       0x0000006e       0x6f ..\obj\stm32f4_discovery_lis302dl.o

.ARM.attributes
                0x00000000       0x33
 .ARM.attributes
                0x00000000       0x33 ..\obj\startup_stm32f4xx.o
 .ARM.attributes
                0x00000033       0x33 ..\obj\main.o
 .ARM.attributes
                0x00000066       0x33 ..\obj\stm32f4xx_rcc.o
 .ARM.attributes
                0x00000099       0x33 ..\obj\stm32f4xx_gpio.o
 .ARM.attributes
                0x000000cc       0x33 ..\obj\system_stm32f4xx.o
 .ARM.attributes
                0x000000ff       0x33 ..\obj\stm32f4xx_spi.o
 .ARM.attributes
                0x00000132       0x33 ..\obj\stm32f4_discovery_lis302dl.o
 .ARM.attributes
                0x00000165       0x1e c:/program files (x86)/gnu tools arm embedded/5.2 2015q4/bin/../lib/gcc/arm-none-eabi/5.2.1/armv7e-m\libgcc.a(_arm_addsubdf3.o)
 .ARM.attributes
                0x00000183       0x1e c:/program files (x86)/gnu tools arm embedded/5.2 2015q4/bin/../lib/gcc/arm-none-eabi/5.2.1/armv7e-m\libgcc.a(_arm_muldivdf3.o)
 .ARM.attributes
                0x000001a1       0x1e c:/program files (x86)/gnu tools arm embedded/5.2 2015q4/bin/../lib/gcc/arm-none-eabi/5.2.1/armv7e-m\libgcc.a(_arm_truncdfsf2.o)
 .ARM.attributes
                0x000001bf       0x1e c:/program files (x86)/gnu tools arm embedded/5.2 2015q4/bin/../lib/gcc/arm-none-eabi/5.2.1/armv7e-m\libgcc.a(_arm_cmpsf2.o)

.debug_frame    0x00000000      0xfd4
 .debug_frame   0x00000000       0x4c ..\obj\startup_stm32f4xx.o
 .debug_frame   0x0000004c       0x30 ..\obj\main.o
 .debug_frame   0x0000007c      0x6d4 ..\obj\stm32f4xx_rcc.o
 .debug_frame   0x00000750      0x23c ..\obj\stm32f4xx_gpio.o
 .debug_frame   0x0000098c       0x7c ..\obj\system_stm32f4xx.o
 .debug_frame   0x00000a08      0x3f4 ..\obj\stm32f4xx_spi.o
 .debug_frame   0x00000dfc      0x1d8 ..\obj\stm32f4_discovery_lis302dl.o
